// Jest Snapshot v1, https://goo.gl/fbAQLP

exports[`Should Main render correctly 1`] = `
<div
  className="page page--gray page--main"
>
  <Header />
  <main
    className="page__main page__main--index"
  >
    <h1
      className="visually-hidden"
    >
      Cities
    </h1>
    <div
      className="tabs"
    >
      <section
        className="locations container"
      >
        <ListCities />
      </section>
    </div>
    <div
      className="cities"
    >
      <div
        className="cities__places-container container"
      >
        <CitiesPlaces
          onOfferClick={[Function]}
        />
        <div
          className="cities__right-section"
        >
          <section
            className="cities__map map"
          >
            <Map
              offers={
                Array [
                  Object {
                    "city": Object {
                      "name": "Amsterdam",
                    },
                    "goods": Array [],
                    "host": Object {
                      "avatar": "",
                      "name": "",
                    },
                    "id": 1,
                    "image": "",
                    "images": Array [],
                    "premium": false,
                    "price": 20,
                    "rating": 4,
                    "title": "1Beautiful & luxurious studio at great location",
                    "type": "apartment",
                  },
                  Object {
                    "city": Object {
                      "name": "Amsterdam",
                    },
                    "goods": Array [],
                    "host": Object {
                      "avatar": "",
                      "name": "",
                    },
                    "id": 1,
                    "image": "",
                    "images": Array [],
                    "premium": false,
                    "price": 70,
                    "rating": 4,
                    "title": "2Beautiful & luxurious studio at great location",
                    "type": "room",
                  },
                ]
              }
            />
          </section>
        </div>
      </div>
    </div>
  </main>
</div>
`;
